
> replicon-industries@0.1.0 build
> react-scripts build

Creating an optimized production build...
Compiled with warnings.

[eslint] 
src\App.jsx
  Line 5:8:    'AuthPage' is defined but never used                no-unused-vars
  Line 6:8:    'UploadForm' is defined but never used              no-unused-vars
  Line 7:8:    'ShippingForm' is defined but never used            no-unused-vars
  Line 8:8:    'AdminPanel' is defined but never used              no-unused-vars
  Line 9:8:    'PricingManager' is defined but never used          no-unused-vars
  Line 14:10:  'paypalEnabled' is assigned a value but never used  no-unused-vars

src\components\AdminPanel.jsx
  Line 15:10:  'isAdmin' is assigned a value but never used    no-unused-vars
  Line 17:10:  'materials' is assigned a value but never used  no-unused-vars
  Line 18:10:  'colors' is assigned a value but never used     no-unused-vars

Search for the keywords to learn more about each warning.
To ignore, add // eslint-disable-next-line to the line before.

File sizes after gzip:

  114.37 kB (-589 B)  build\static\js\main.0f444476.js
  635 B               build\static\css\main.ed1a6cf0.css

The project was built assuming it is hosted at /.
You can control this with the homepage field in your package.json.

The build folder is ready to be deployed.
You may serve it with a static server:

  npm install -g serve
  serve -s build

Find out more about deployment here:

  https://cra.link/deployment

